// Jest Snapshot v1, https://goo.gl/fbAQLP

exports[`Base Tree Unit tests Load/Save data into the tree With Data Should load data into the tree 1`] = `
Node {
  "children": [
    Node {
      "children": [
        Node {
          "children": [],
          "parent": [Circular],
          "value": 5,
        },
        Node {
          "children": [],
          "parent": [Circular],
          "value": 4,
        },
        Node {
          "children": [],
          "parent": [Circular],
          "value": 3,
        },
      ],
      "parent": [Circular],
      "value": 8,
    },
    Node {
      "children": [
        Node {
          "children": [],
          "parent": [Circular],
          "value": 2,
        },
        Node {
          "children": [],
          "parent": [Circular],
          "value": 1,
        },
        Node {
          "children": [],
          "parent": [Circular],
          "value": 0,
        },
      ],
      "parent": [Circular],
      "value": 6,
    },
  ],
  "parent": null,
  "value": 7,
}
`;
