// Jest Snapshot v1, https://goo.gl/fbAQLP

exports[`Selection sort Should be able to sort strings in correct order 1`] = `
[
  "Constance",
  "Lauren",
  "Michael",
  "Mikey",
  "not a first name",
  "note",
]
`;

exports[`Selection sort Should be able to support an array of objects using a custom sort - this is sorting by last name in reverse order 1`] = `
[
  {
    "firstName": "John",
    "lastName": "Smith",
  },
  {
    "firstName": "Matt",
    "lastName": "Saben",
  },
  {
    "firstName": "Mark",
    "lastName": "LaCroix",
  },
  {
    "firstName": "Mike",
    "lastName": "Heuss",
  },
  {
    "firstName": "Peggy",
    "lastName": "Arnold",
  },
]
`;

exports[`Selection sort Should sort an array of numbers quite readily 1`] = `
[
  1,
  2,
  3,
  4,
  5,
  6,
  7,
  8,
  9,
  10,
]
`;
