// Jest Snapshot v1, https://goo.gl/fbAQLP

exports[`Insertion sort Should be able to support an array of objects using a custom sort 1`] = `
[
  {
    "firstName": "Peggy",
    "lastName": "Arnold",
  },
  {
    "firstName": "Mike",
    "lastName": "Heuss",
  },
  {
    "firstName": "Mark",
    "lastName": "LaCroix",
  },
  {
    "firstName": "Matt",
    "lastName": "Saben",
  },
  {
    "firstName": "John",
    "lastName": "Smith",
  },
]
`;

exports[`Insertion sort Should sort an array of numbers quite readily 1`] = `
[
  1,
  2,
  3,
  4,
  5,
  6,
  7,
  8,
  9,
  10,
]
`;

exports[`Insertion sort Should tackle an array of strings 1`] = `
[
  "artichoke",
  "banana",
  "celery",
  "eggplant",
  "Kiwi",
  "pineapple",
]
`;
