// Jest Snapshot v1, https://goo.gl/fbAQLP

exports[`Bubble Sort Tests Should be able to sort a list of numbers in order 1`] = `
[
  1,
  2,
  2,
  3,
  4,
  4,
  5,
  5,
  7,
  7,
  8,
  8,
  9,
  67,
  67,
]
`;

exports[`Bubble Sort Tests Should be able to sort strings in correct order 1`] = `
[
  "Constance",
  "Lauren",
  "Michael",
  "Mikey",
  "not a first name",
  "note",
]
`;

exports[`Bubble Sort Tests Should be able to support an array of objects using a custom sort 1`] = `
[
  {
    "firstName": "Peggy",
    "lastName": "Arnold",
  },
  {
    "firstName": "Mike",
    "lastName": "Heuss",
  },
  {
    "firstName": "Mark",
    "lastName": "LaCroix",
  },
  {
    "firstName": "Matt",
    "lastName": "Saben",
  },
  {
    "firstName": "John",
    "lastName": "Smith",
  },
]
`;
