// Jest Snapshot v1, https://goo.gl/fbAQLP

exports[`Merge Sort tests Should properly sort a list of strings 1`] = `
[
  "artichoke",
  "banana",
  "celery",
  "eggplant",
  "Kiwi",
  "pineapple",
]
`;

exports[`Merge Sort tests Should properly sort objects in reverse order 1`] = `
[
  {
    "firstName": "John",
    "lastName": "Smith",
  },
  {
    "firstName": "Matt",
    "lastName": "Saben",
  },
  {
    "firstName": "Mark",
    "lastName": "LaCroix",
  },
  {
    "firstName": "Mike",
    "lastName": "Heuss",
  },
  {
    "firstName": "Peggy",
    "lastName": "Arnold",
  },
]
`;
